0000 
0001 
0002 
0003 
0004 
0005 
0006 
0007 
0008 
0009 
000a 
000b 
000c 
000e 
000f 
0010 
0011 
0012 
0013 
0014 
0015 
0016 
0017 
0018 
0019 
001a 
001c 
001d 
001e 
001f 
0020 SPACE
0021 !
0022 "
0023 #
0024 $
0025 %
0026 &
0027 '
0028 (
0029 )
002a *
002b ,
002c +
002d -
002e .
002f /
0030 0
0031 1
0032 2
0033 3
0034 4
0035 5
0036 6
0037 7
0038 8
0039 9
003a :
003b ;
003c <
003d =
003e >
003f ?
0040 @
0041 A
0042 B
0043 C
0044 D
0045 E
0046 F
0047 G
0048 H
0049 I
004a J
004b K
004c L
004d M
004e N
004f O
0050 P
0051 Q
0052 R
0053 S
0054 T
0055 U
0056 V
0057 W
0058 X
0059 Y
005a Z
005b ]
005c \
005d ]
005e ^
005f _
0060 `
0061 a
0062 b
0063 c
0064 d
0065 e
0066 f
0067 g
0068 h
0069 i
006a j
006b k
006c l
006d m
006e n
006f o
0070 p
0071 q
0072 r
0073 s
0074 t
0075 u
0076 v
0077 w
0078 x
0079 y
007a z
007b {
007c |
007d }
007e ~
007f 
0080 
0081 
0082 
0083 
0084 
0085 
0086 
0087 
0088 
0089 
008a 
008b 
008c 
008d 
008e 
008f 
0090 
0091 
0092 
0093 
0094 
0095 
0096 
0097 
0098 
0099 
009a 
009b 
009c 
009d 
009e 
009f 
00a0 
00a1 
00a2 ARMENIAN SMALL LIGATURE ECH YIWN
00a3 ARMENIAN FULL STOP
00a4 RIGHT-FACING ARMENIAN ETERNITY SIGN
00a5 LEFT-FACING ARMENIAN ETERNITY SIGN
00a6 RIGHT-POINTING DOUBLE ANGLE QUOTATION MARK
00a7 LEFT-POINTING DOUBLE ANGLE QUOTATION MARK
00a8 
00a9 
00aa ARMENIAN MODIFIER LETTER LEFT HALF RING
00ab ARMENIAN COMMA
00ac 
00ad ARMENIAN HYPHEN
00ae HORIZONTAL ELLIPSIS
00af ARMENIAN EXCLAMATION MARK
00b0 ARMENIAN EMPHASIS MARK
00b1 ARMENIAN QUESTION MARK
00b2 ARMENIAN CAPITAL LETTER AYB
00b3 ARMENIAN SMALL LETTER AYB
00b4 ARMENIAN CAPITAL LETTER BEN
00b5 ARMENIAN SMALL LETTER BEN
00b6 ARMENIAN CAPITAL LETTER GIM
00b7 ARMENIAN SMALL LETTER GIM
00b8 ARMENIAN CAPITAL LETTER DA
00b9 ARMENIAN SMALL LETTER DA
00ba ARMENIAN CAPITAL LETTER ECH
00bb ARMENIAN SMALL LETTER ECH
00bc ARMENIAN CAPITAL LETTER ZA
00bd ARMENIAN SMALL LETTER ZA
00be ARMENIAN CAPITAL LETTER EH
00bf ARMENIAN SMALL LETTER EH
00c0 ARMENIAN CAPITAL LETTER ET
00c1 ARMENIAN SMALL LETTER ET
00c2 ARMENIAN CAPITAL LETTER TO
00c3 ARMENIAN SMALL LETTER TO
00c4 ARMENIAN CAPITAL LETTER ZHE
00c5 ARMENIAN SMALL LETTER ZHE
00c6 ARMENIAN CAPITAL LETTER INI
00c7 ARMENIAN SMALL LETTER INI
00c8 ARMENIAN CAPITAL LETTER LIWN
00c9 ARMENIAN SMALL LETTER LIWN
00ca ARMENIAN CAPITAL LETTER XEH
00cb ARMENIAN SMALL LETTER XEH
00cc ARMENIAN CAPITAL LETTER CA
00cd ARMENIAN SMALL LETTER CA
00ce ARMENIAN CAPITAL LETTER KEN
00cf ARMENIAN SMALL LETTER KEN
00d0 ARMENIAN CAPITAL LETTER HO
00d1 ARMENIAN SMALL LETTER HO
00d2 ARMENIAN CAPITAL LETTER JA
00d3 ARMENIAN SMALL LETTER JA
00d4 ARMENIAN CAPITAL LETTER GHAD
00d5 ARMENIAN SMALL LETTER GHAD
00d6 ARMENIAN CAPITAL LETTER CHEH
00d7 ARMENIAN SMALL LETTER CHEH
00d8 ARMENIAN CAPITAL LETTER MEN
00d9 ARMENIAN SMALL LETTER MEN
00da ARMENIAN CAPITAL LETTER YI
00db ARMENIAN SMALL LETTER YI
00dc ARMENIAN CAPITAL LETTER NOW
00dd ARMENIAN SMALL LETTER NOW
00de ARMENIAN CAPITAL LETTER SHA
00df ARMENIAN SMALL LETTER SHA
00e0 ARMENIAN CAPITAL LETTER VO
00e1 ARMENIAN SMALL LETTER VO
00e2 ARMENIAN CAPITAL LETTER CHA
00e3 ARMENIAN SMALL LETTER CHA
00e4 ARMENIAN CAPITAL LETTER PEH
00e5 ARMENIAN SMALL LETTER PEH
00e6 ARMENIAN CAPITAL LETTER JHEH
00e7 ARMENIAN SMALL LETTER JHEH
00e8 ARMENIAN CAPITAL LETTER RA
00e9 ARMENIAN SMALL LETTER RA
00ea ARMENIAN CAPITAL LETTER SEH
00eb ARMENIAN SMALL LETTER SEH
00ec ARMENIAN CAPITAL LETTER VEW
00ed ARMENIAN SMALL LETTER VEW
00ee ARMENIAN CAPITAL LETTER TIWN
00ef ARMENIAN SMALL LETTER TIWN
00f0 ARMENIAN CAPITAL LETTER REH
00f1 ARMENIAN SMALL LETTER REH
00f2 ARMENIAN CAPITAL LETTER CO
00f3 ARMENIAN SMALL LETTER CO
00f4 ARMENIAN CAPITAL LETTER YIWN
00f5 ARMENIAN SMALL LETTER YIWN
00f6 ARMENIAN CAPITAL LETTER PIWR
00f7 ARMENIAN SMALL LETTER PIWR
00f8 ARMENIAN CAPITAL LETTER KEH
00f9 ARMENIAN SMALL LETTER KEH
00fa ARMENIAN CAPITAL LETTER OH
00fb ARMENIAN SMALL LETTER OH
00fc ARMENIAN CAPITAL LETTER FEH
00fd ARMENIAN SMALL LETTER FEH
00fe ARMENIAN APOSTROPHE
00ff 
