0000 NUL
0001 
0002 
0003 
0004 
0005 
0006 
0007 
0008 
0009 
000a 
000b 
000c 
000d 
000e 
000f 
0010 
0011 
0012 
0013 
0014 
0015 
0016 
0017 
0018 
0019 
001a 
001b 
001c 
001d 
001e 
001f 
0020 SPACE
0021 !
0022 "
0023 #
0024 $
0025 %
0026 &
0027 '
0028 (
0029 )
002a *
002b +
002c ,
002d -
002e .
002f /
0030 0
0031 1
0032 2
0033 3
0034 4
0035 5
0036 6
0037 7
0038 8
0039 9
003a :
003b ;
003c <
003d =
003e >
003f ?
0040 @
0041 A
0042 B
0043 C
0044 D
0045 E
0046 F
0047 G
0048 H
0049 I
004a J
004b K
004c L
004d M
004e N
004f O
0050 P
0051 Q
0052 R
0053 S
0054 T
0055 U
0056 V
0057 W
0058 X
0059 Y
005a Z
005b [
005c \
005d ]
005e ^
005f _
0060 `
0061 a
0062 b
0063 c
0064 d
0065 e
0066 f
0067 g
0068 h
0069 i
006a j
006b k
006c l
006d m
006e n
006f o
0070 p
0071 q
0072 r
0073 s
0074 t
0075 u
0076 v
0077 w
0078 x
0079 y
007a z
007b {
007c |
007d }
007e ~
007f 007f
0080 CYRILLIC CAPITAL LETTER DJE
0081 CYRILLIC CAPITAL LETTER GJE
0082 SINGLE LOW-9 QUOTATION MARK
0083 CYRILLIC SMALL LETTER GJE
0084 DOUBLE LOW-9 QUOTATION MARK
0085 HORIZONTAL ELLIPSIS
0086 DAGGER
0087 DOUBLE DAGGER
0088 EURO SIGN
0089 PER MILLE SIGN
008a CYRILLIC CAPITAL LETTER LJE
008b SINGLE LEFT-POINTING ANGLE QUOTATION MARK
008c CYRILLIC CAPITAL LETTER NJE
008d CYRILLIC CAPITAL LETTER KJE
008e CYRILLIC CAPITAL LETTER TSHE
008f CYRILLIC CAPITAL LETTER DZHE
0090 CYRILLIC SMALL LETTER DJE
0091 LEFT SINGLE QUOTATION MARK
0092 RIGHT SINGLE QUOTATION MARK
0093 LEFT DOUBLE QUOTATION MARK
0094 RIGHT DOUBLE QUOTATION MARK
0095 BULLET
0096 EN DASH
0097 EM DASH
0098 0000
0099 TRADE MARK SIGN
009a CYRILLIC SMALL LETTER LJE
009b SINGLE RIGHT-POINTING ANGLE QUOTATION MARK
009c CYRILLIC SMALL LETTER NJE
009d CYRILLIC SMALL LETTER KJE
009e CYRILLIC SMALL LETTER TSHE
009f CYRILLIC SMALL LETTER DZHE
00a0 NO-BREAK SPACE
00a1 CYRILLIC CAPITAL LETTER SHORT U
00a2 CYRILLIC SMALL LETTER SHORT U
00a3 CYRILLIC CAPITAL LETTER JE
00a4 CURRENCY SIGN
00a5 CYRILLIC CAPITAL LETTER GHE WITH UPTURN
00a6 BROKEN BAR
00a7 SECTION SIGN
00a8 CYRILLIC CAPITAL LETTER IO
00a9 COPYRIGHT SIGN
00aa CYRILLIC CAPITAL LETTER UKRAINIAN IE
00ab LEFT-POINTING DOUBLE ANGLE QUOTATION MARK
00ac NOT SIGN
00ad SOFT HYPHEN
00ae REGISTERED SIGN
00af CYRILLIC CAPITAL LETTER YI
00b0 DEGREE SIGN
00b1 PLUS-MINUS SIGN
00b2 CYRILLIC CAPITAL LETTER BYELORUSSIAN-UKRAINIAN I
00b3 CYRILLIC SMALL LETTER BYELORUSSIAN-UKRAINIAN I
00b4 CYRILLIC SMALL LETTER GHE WITH UPTURN
00b5 MICRO SIGN
00b6 PILCROW SIGN
00b7 MIDDLE DOT
00b8 CYRILLIC SMALL LETTER IO
00b9 NUMERO SIGN
00ba CYRILLIC SMALL LETTER UKRAINIAN IE
00bb RIGHT-POINTING DOUBLE ANGLE QUOTATION MARK
00bc CYRILLIC SMALL LETTER JE
00bd CYRILLIC CAPITAL LETTER DZE
00be CYRILLIC SMALL LETTER DZE
00bf CYRILLIC SMALL LETTER YI
00c0 CYRILLIC CAPITAL LETTER A
00c1 CYRILLIC CAPITAL LETTER BE
00c2 CYRILLIC CAPITAL LETTER VE
00c3 CYRILLIC CAPITAL LETTER GHE
00c4 CYRILLIC CAPITAL LETTER DE
00c5 CYRILLIC CAPITAL LETTER IE
00c6 CYRILLIC CAPITAL LETTER ZHE
00c7 CYRILLIC CAPITAL LETTER ZE
00c8 CYRILLIC CAPITAL LETTER I
00c9 CYRILLIC CAPITAL LETTER SHORT I
00ca CYRILLIC CAPITAL LETTER KA
00cb CYRILLIC CAPITAL LETTER EL
00cc CYRILLIC CAPITAL LETTER EM
00cd CYRILLIC CAPITAL LETTER EN
00ce CYRILLIC CAPITAL LETTER O
00cf CYRILLIC CAPITAL LETTER PE
00d0 CYRILLIC CAPITAL LETTER ER
00d1 CYRILLIC CAPITAL LETTER ES
00d2 CYRILLIC CAPITAL LETTER TE
00d3 CYRILLIC CAPITAL LETTER U
00d4 CYRILLIC CAPITAL LETTER EF
00d5 CYRILLIC CAPITAL LETTER HA
00d6 CYRILLIC CAPITAL LETTER TSE
00d7 CYRILLIC CAPITAL LETTER CHE
00d8 CYRILLIC CAPITAL LETTER SHA
00d9 CYRILLIC CAPITAL LETTER SHCHA
00da CYRILLIC CAPITAL LETTER HARD SIGN
00db CYRILLIC CAPITAL LETTER YERU
00dc CYRILLIC CAPITAL LETTER SOFT SIGN
00dd CYRILLIC CAPITAL LETTER E
00de CYRILLIC CAPITAL LETTER YU
00df CYRILLIC CAPITAL LETTER YA
00e0 CYRILLIC SMALL LETTER A
00e1 CYRILLIC SMALL LETTER BE
00e2 CYRILLIC SMALL LETTER VE
00e3 CYRILLIC SMALL LETTER GHE
00e4 CYRILLIC SMALL LETTER DE
00e5 CYRILLIC SMALL LETTER IE
00e6 CYRILLIC SMALL LETTER ZHE
00e7 CYRILLIC SMALL LETTER ZE
00e8 CYRILLIC SMALL LETTER I
00e9 CYRILLIC SMALL LETTER SHORT I
00ea CYRILLIC SMALL LETTER KA
00eb CYRILLIC SMALL LETTER EL
00ec CYRILLIC SMALL LETTER EM
00ed CYRILLIC SMALL LETTER EN
00ee CYRILLIC SMALL LETTER O
00ef CYRILLIC SMALL LETTER PE
00f0 CYRILLIC SMALL LETTER ER
00f1 CYRILLIC SMALL LETTER ES
00f2 CYRILLIC SMALL LETTER TE
00f3 CYRILLIC SMALL LETTER U
00f4 CYRILLIC SMALL LETTER EF
00f5 CYRILLIC SMALL LETTER HA
00f6 CYRILLIC SMALL LETTER TSE
00f7 CYRILLIC SMALL LETTER CHE
00f8 CYRILLIC SMALL LETTER SHA
00f9 CYRILLIC SMALL LETTER SHCHA
00fa CYRILLIC SMALL LETTER HARD SIGN
00fb CYRILLIC SMALL LETTER YERU
00fc CYRILLIC SMALL LETTER SOFT SIGN
00fd CYRILLIC SMALL LETTER E
00fe CYRILLIC SMALL LETTER YU
00ff CYRILLIC SMALL LETTER YA
