0000 0000
0001 
0002 
0003 
0004 
0005 
0006 
0007 
0008 
0009 
000a 
000b 
000c 
000d 
000e 
000f 
0010 
0011 
0012 
0013 
0014 
0015 
0016 
0017 
0018 
0019 
001a 
001b 
001c 
001d 
001e 
001f 
0020 SPACE
0021 !
0022 "
0023 #
0024 $
0025 %
0026 &
0027 '
0028 (
0029 )
002a *
002b +
002c ,
002d -
002e .
002f /
0030 0
0031 1
0032 2
0033 3
0034 4
0035 5
0036 6
0037 7
0038 8
0039 9
003a :
003b ;
003c <
003d =
003e >
003f ?
0040 @
0041 A
0042 B
0043 C
0044 D
0045 E
0046 F
0047 G
0048 H
0049 I
004a J
004b K
004c L
004d M
004e N
004f O
0050 P
0051 Q
0052 R
0053 S
0054 T
0055 U
0056 V
0057 W
0058 X
0059 Y
005a Z
005b [
005c \
005d ]
005e ^
005f _
0060 `
0061 a
0062 b
0063 c
0064 d
0065 e
0066 f
0067 g
0068 h
0069 i
006a j
006b k
006c l
006d m
006e n
006f o
0070 p
0071 q
0072 r
0073 s
0074 t
0075 u
0076 v
0077 w
0078 x
0079 y
007a z
007b {
007c |
007d }
007e ~
007f 
0080 BOX DRAWINGS LIGHT HORIZONTAL
0081 BOX DRAWINGS LIGHT VERTICAL
0082 BOX DRAWINGS LIGHT DOWN AND RIGHT
0083 BOX DRAWINGS LIGHT DOWN AND LEFT
0084 BOX DRAWINGS LIGHT UP AND RIGHT
0085 BOX DRAWINGS LIGHT UP AND LEFT
0086 BOX DRAWINGS LIGHT VERTICAL AND RIGHT
0087 BOX DRAWINGS LIGHT VERTICAL AND LEFT
0088 BOX DRAWINGS LIGHT DOWN AND HORIZONTAL
0089 BOX DRAWINGS LIGHT UP AND HORIZONTAL
008a BOX DRAWINGS LIGHT VERTICAL AND HORIZONTAL
008b UPPER HALF BLOCK
008c LOWER HALF BLOCK
008d FULL BLOCK
008e LEFT HALF BLOCK
008f RIGHT HALF BLOCK
0090 LIGHT SHADE
0091 MEDIUM SHADE
0092 DARK SHADE
0093 TOP HALF INTEGRAL
0094 BLACK SQUARE
0095 BULLET OPERATOR
0096 SQUARE ROOT
0097 ALMOST EQUAL TO
0098 LESS-THAN OR EQUAL TO
0099 GREATER-THAN OR EQUAL TO
009a NO-BREAK SPACE
009b BOTTOM HALF INTEGRAL
009c DEGREE SIGN
009d SUPERSCRIPT TWO
009e MIDDLE DOT
009f DIVISION SIGN
00a0 BOX DRAWINGS DOUBLE HORIZONTAL
00a1 BOX DRAWINGS DOUBLE VERTICAL
00a2 BOX DRAWINGS DOWN SINGLE AND RIGHT DOUBLE
00a3 CYRILLIC SMALL LETTER IO
00a4 CYRILLIC SMALL LETTER UKRAINIAN IE
00a5 BOX DRAWINGS DOUBLE DOWN AND RIGHT
00a6 CYRILLIC SMALL LETTER BYELORUSSIAN-UKRAINIAN I
00a7 CYRILLIC SMALL LETTER YI
00a8 BOX DRAWINGS DOUBLE DOWN AND LEFT
00a9 BOX DRAWINGS UP SINGLE AND RIGHT DOUBLE
00aa BOX DRAWINGS UP DOUBLE AND RIGHT SINGLE
00ab BOX DRAWINGS DOUBLE UP AND RIGHT
00ac BOX DRAWINGS UP SINGLE AND LEFT DOUBLE
00ad CYRILLIC SMALL LETTER GHE WITH UPTURN
00ae BOX DRAWINGS DOUBLE UP AND LEFT
00af BOX DRAWINGS VERTICAL SINGLE AND RIGHT DOUBLE
00b0 BOX DRAWINGS VERTICAL DOUBLE AND RIGHT SINGLE
00b1 BOX DRAWINGS DOUBLE VERTICAL AND RIGHT
00b2 BOX DRAWINGS VERTICAL SINGLE AND LEFT DOUBLE
00b3 CYRILLIC CAPITAL LETTER IO
00b4 CYRILLIC CAPITAL LETTER UKRAINIAN IE
00b5 BOX DRAWINGS DOUBLE VERTICAL AND LEFT
00b6 CYRILLIC CAPITAL LETTER BYELORUSSIAN-UKRAINIAN I
00b7 CYRILLIC CAPITAL LETTER YI
00b8 BOX DRAWINGS DOUBLE DOWN AND HORIZONTAL
00b9 BOX DRAWINGS UP SINGLE AND HORIZONTAL DOUBLE
00ba BOX DRAWINGS UP DOUBLE AND HORIZONTAL SINGLE
00bb BOX DRAWINGS DOUBLE UP AND HORIZONTAL
00bc BOX DRAWINGS VERTICAL SINGLE AND HORIZONTAL DOUBLE
00bd CYRILLIC CAPITAL LETTER GHE WITH UPTURN
00be BOX DRAWINGS DOUBLE VERTICAL AND HORIZONTAL
00bf COPYRIGHT SIGN
00c0 CYRILLIC SMALL LETTER YU
00c1 CYRILLIC SMALL LETTER A
00c2 CYRILLIC SMALL LETTER BE
00c3 CYRILLIC SMALL LETTER TSE
00c4 CYRILLIC SMALL LETTER DE
00c5 CYRILLIC SMALL LETTER IE
00c6 CYRILLIC SMALL LETTER EF
00c7 CYRILLIC SMALL LETTER GHE
00c8 CYRILLIC SMALL LETTER HA
00c9 CYRILLIC SMALL LETTER I
00ca CYRILLIC SMALL LETTER SHORT I
00cb CYRILLIC SMALL LETTER KA
00cc CYRILLIC SMALL LETTER EL
00cd CYRILLIC SMALL LETTER EM
00ce CYRILLIC SMALL LETTER EN
00cf CYRILLIC SMALL LETTER O
00d0 CYRILLIC SMALL LETTER PE
00d1 CYRILLIC SMALL LETTER YA
00d2 CYRILLIC SMALL LETTER ER
00d3 CYRILLIC SMALL LETTER ES
00d4 CYRILLIC SMALL LETTER TE
00d5 CYRILLIC SMALL LETTER U
00d6 CYRILLIC SMALL LETTER ZHE
00d7 CYRILLIC SMALL LETTER VE
00d8 CYRILLIC SMALL LETTER SOFT SIGN
00d9 CYRILLIC SMALL LETTER YERU
00da CYRILLIC SMALL LETTER ZE
00db CYRILLIC SMALL LETTER SHA
00dc CYRILLIC SMALL LETTER E
00dd CYRILLIC SMALL LETTER SHCHA
00de CYRILLIC SMALL LETTER CHE
00df CYRILLIC SMALL LETTER HARD SIGN
00e0 CYRILLIC CAPITAL LETTER YU
00e1 CYRILLIC CAPITAL LETTER A
00e2 CYRILLIC CAPITAL LETTER BE
00e3 CYRILLIC CAPITAL LETTER TSE
00e4 CYRILLIC CAPITAL LETTER DE
00e5 CYRILLIC CAPITAL LETTER IE
00e6 CYRILLIC CAPITAL LETTER EF
00e7 CYRILLIC CAPITAL LETTER GHE
00e8 CYRILLIC CAPITAL LETTER HA
00e9 CYRILLIC CAPITAL LETTER I
00ea CYRILLIC CAPITAL LETTER SHORT I
00eb CYRILLIC CAPITAL LETTER KA
00ec CYRILLIC CAPITAL LETTER EL
00ed CYRILLIC CAPITAL LETTER EM
00ee CYRILLIC CAPITAL LETTER EN
00ef CYRILLIC CAPITAL LETTER O
00f0 CYRILLIC CAPITAL LETTER PE
00f1 CYRILLIC CAPITAL LETTER YA
00f2 CYRILLIC CAPITAL LETTER ER
00f3 CYRILLIC CAPITAL LETTER ES
00f4 CYRILLIC CAPITAL LETTER TE
00f5 CYRILLIC CAPITAL LETTER U
00f6 CYRILLIC CAPITAL LETTER ZHE
00f7 CYRILLIC CAPITAL LETTER VE
00f8 CYRILLIC CAPITAL LETTER SOFT SIGN
00f9 CYRILLIC CAPITAL LETTER YERU
00fa CYRILLIC CAPITAL LETTER ZE
00fb CYRILLIC CAPITAL LETTER SHA
00fc CYRILLIC CAPITAL LETTER E
00fd CYRILLIC CAPITAL LETTER SHCHA
00fe CYRILLIC CAPITAL LETTER CHE
00ff CYRILLIC CAPITAL LETTER HARD SIGN
